PS C:\Users\keisa\OneDrive\デスクトップ\git> mkdir git_challenge


    ディレクトリ: C:\Users\keisa\OneDrive\デスクトップ\git


Mode                 LastWriteTime         Length Name                                          
----                 -------------         ------ ----                                          
d-----        2026/06/28      0:49                git_challenge                                 


PS C:\Users\keisa\OneDrive\デスクトップ\git> cd git_challenge
PS C:\Users\keisa\OneDrive\デスクトップ\git\git_challenge> git init
Initialized empty Git repository in C:/Users/keisa/OneDrive/デスクトップ/git/git_challenge/.git/
PS C:\Users\keisa\OneDrive\デスクトップ\git\git_challenge> echo "Hello, world!" >> hello_world.txt       "
PS C:\Users\keisa\OneDrive\デスクトップ\git\git_challenge> git add hello_world.txt               
PS C:\Users\keisa\OneDrive\デスクトップ\git\git_challenge> git commit -m "hello_world.txtを追加" 
[main (root-commit) fbb5c15] hello_world.txtを追加
 1 file changed, 0 insertions(+), 0 deletions(-)
 create mode 100644 hello_world.txt
PS C:\Users\keisa\OneDrive\デスクトップ\git\git_challenge> echo "こんにちは、世界！" >> hello_world.txt
PS C:\Users\keisa\OneDrive\デスクトップ\git\git_challenge> git add hello_world.txt               
PS C:\Users\keisa\OneDrive\デスクトップ\git\git_challenge> git commit -m "日本語訳を追記"        
[main a50deba] 日本語訳を追記
 1 file changed, 0 insertions(+), 0 deletions(-)
PS C:\Users\keisa\OneDrive\デスクトップ\git\git_challenge> git log --oneline
a50deba (HEAD -> main) 日本語訳を追記
fbb5c15 hello_world.txtを追加